============================= test session starts =============================
platform win32 -- Python 3.13.7, pytest-9.0.2, pluggy-1.6.0 -- C:\Python313\python.exe
cachedir: .pytest_cache
rootdir: X:\agent_cli
configfile: pyproject.toml
plugins: beet-0.112.2, asyncio-1.3.0, anyio-4.12.1
asyncio: mode=Mode.STRICT, debug=False, asyncio_default_fixture_loop_scope=None, asyncio_default_test_loop_scope=function
collecting ... collected 22 items

dev/tests/data/test_registry.py::test_builtin_providers FAILED           [  4%]
dev/tests/data/test_registry.py::test_typed_provider_specs PASSED        [  9%]
dev/tests/data/test_registry.py::test_internal_models FAILED             [ 13%]
dev/tests/data/test_registry.py::test_safe_command_patterns_and_tool_defaults PASSED [ 18%]
dev/tests/data/test_registry.py::test_web_search_defaults_are_data_driven PASSED [ 22%]
dev/tests/data/test_registry.py::test_memory_defaults PASSED             [ 27%]
dev/tests/data/test_registry.py::test_schema_defaults PASSED             [ 31%]
dev/tests/data/test_registry.py::test_prompt_template_loading_and_missing_file PASSED [ 36%]
dev/tests/data/test_registry.py::test_constructor_raises_runtime_error_for_missing_json PASSED [ 40%]
dev/tests/data/test_registry.py::test_constructor_raises_runtime_error_for_malformed_json PASSED [ 45%]
dev/tests/data/test_registry.py::test_constructor_logs_loaded_counts PASSED [ 50%]
dev/tests/data/test_registry.py::test_typed_model_validation_rejects_duplicate_alias PASSED [ 54%]
dev/tests/data/test_registry.py::test_typed_model_validation_rejects_missing_capability_block FAILED [ 59%]
dev/tests/data/test_registry.py::test_typed_model_validation_rejects_invalid_web_search_mode PASSED [ 63%]
dev/tests/data/test_registry.py::test_typed_model_validation_supports_grouped_offerings_in_one_file PASSED [ 68%]
dev/tests/data/test_registry.py::test_resolve_model_spec_logs_hit_and_miss PASSED [ 72%]
dev/tests/data/test_registry.py::test_declared_support_uses_accessor_map PASSED [ 77%]
dev/tests/data/test_registry.py::test_capability_snapshot_prefers_fresh_observed_values PASSED [ 81%]
dev/tests/data/test_registry.py::test_capability_snapshot_stale_observed_falls_back_to_declared PASSED [ 86%]
dev/tests/data/test_registry.py::test_capability_snapshot_unknown_model_is_unknown_effective PASSED [ 90%]
dev/tests/data/test_registry.py::test_capability_observation_invalidation_and_cache_version PASSED [ 95%]
dev/tests/data/test_registry.py::test_capability_observation_operations_are_thread_safe PASSED [100%]

================================== FAILURES ===================================
___________________________ test_builtin_providers ____________________________

registry = <agent_cli.core.infra.registry.registry.DataRegistry object at 0x00000266472CA710>

    def test_builtin_providers(registry: DataRegistry) -> None:
        providers = registry.get_builtin_providers()
>       assert set(providers.keys()) == {
            "openai",
            "azure",
            "anthropic",
            "google",
            "huggingface",
            "openrouter",
        }
E       AssertionError: assert {'anthropic',...'openai', ...} == {'anthropic',... 'openrouter'}
E         
E         Extra items in the left set:
E         'ollama'
E         
E         Full diff:
E           {
E               'anthropic',...
E         
E         ...Full output truncated (7 lines hidden), use '-vv' to show

dev\tests\data\test_registry.py:33: AssertionError
____________________________ test_internal_models _____________________________

registry = <agent_cli.core.infra.registry.registry.DataRegistry object at 0x0000026647375480>

    def test_internal_models(registry: DataRegistry) -> None:
        internal = registry.get_internal_models()
>       assert internal["routing_model"] == "gemini-2.5-flash-lite"
E       AssertionError: assert 'gemini-3.1-flash-lite' == 'gemini-2.5-flash-lite'
E         
E         - gemini-2.5-flash-lite
E         ?        ^ ^
E         + gemini-3.1-flash-lite
E         ?        ^ ^

dev\tests\data\test_registry.py:56: AssertionError
________ test_typed_model_validation_rejects_missing_capability_block _________

monkeypatch = <_pytest.monkeypatch.MonkeyPatch object at 0x00000266476F9F20>
tmp_path = WindowsPath('C:/Users/cuong/AppData/Local/Temp/pytest-of-cuong/pytest-331/test_typed_model_validation_re1')

    def test_typed_model_validation_rejects_missing_capability_block(
        monkeypatch: pytest.MonkeyPatch,
        tmp_path: Path,
    ) -> None:
        _write_required_registry_files(tmp_path)
        (tmp_path / "models" / "m1.json").write_text(
            json.dumps(
                {
                    "provider": "openai",
                    "api_model": "m1",
                    "context_window": 1000,
                    "tokenizer": "cl100k_base",
                    "pricing_input": 0.0,
                    "pricing_output": 0.0,
                }
            ),
            encoding="utf-8",
        )
        monkeypatch.setattr(registry_module.resources, "files", lambda _pkg: tmp_path)
    
        registry = DataRegistry()
>       with pytest.raises(RuntimeError, match="Missing required capabilities block"):
             ^^^^^^^^^^^^^^^^^^^^^^^^^^^^^^^^^^^^^^^^^^^^^^^^^^^^^^^^^^^^^^^^^^^^^^^^
E       Failed: DID NOT RAISE <class 'RuntimeError'>

dev\tests\data\test_registry.py:310: Failed
=========================== short test summary info ===========================
FAILED dev/tests/data/test_registry.py::test_builtin_providers - AssertionErr...
FAILED dev/tests/data/test_registry.py::test_internal_models - AssertionError...
FAILED dev/tests/data/test_registry.py::test_typed_model_validation_rejects_missing_capability_block
======================== 3 failed, 19 passed in 0.38s =========================
