============================= test session starts =============================
platform win32 -- Python 3.13.7, pytest-9.0.2, pluggy-1.6.0
rootdir: X:\agent_cli
configfile: pyproject.toml
plugins: beet-0.112.2, asyncio-1.3.0, anyio-4.12.1
asyncio: mode=Mode.STRICT, debug=False, asyncio_default_fixture_loop_scope=None, asyncio_default_test_loop_scope=function
collected 4 items

dev\tests\tui\test_app_command_wiring.py .F.F                            [100%]

================================== FAILURES ===================================
__________ test_app_mount_binds_interaction_handler_to_tool_executor __________

tmp_path = WindowsPath('C:/Users/cuong/AppData/Local/Temp/pytest-of-cuong/pytest-283/test_app_mount_binds_interacti0')

    @pytest.mark.asyncio
    async def test_app_mount_binds_interaction_handler_to_tool_executor(tmp_path):
        app = AgentCLIApp(root_folder=str(tmp_path))
    
>       async with app.run_test() as pilot:
                   ^^^^^^^^^^^^^^

dev\tests\tui\test_app_command_wiring.py:32: 
_ _ _ _ _ _ _ _ _ _ _ _ _ _ _ _ _ _ _ _ _ _ _ _ _ _ _ _ _ _ _ _ _ _ _ _ _ _ _ _
C:\Python313\Lib\contextlib.py:235: in __aexit__
    await self.gen.athrow(value)
C:\Python313\Lib\site-packages\textual\app.py:2145: in run_test
    raise self._exception
C:\Python313\Lib\site-packages\textual\app.py:3319: in app_prelude
    self.stylesheet.read_all(self.css_path)
C:\Python313\Lib\site-packages\textual\css\stylesheet.py:319: in read_all
    self.read(path)
_ _ _ _ _ _ _ _ _ _ _ _ _ _ _ _ _ _ _ _ _ _ _ _ _ _ _ _ _ _ _ _ _ _ _ _ _ _ _ _

self = <Stylesheet []>
filename = 'X:\\agent_cli\\agent_cli\\core\\assets\\app.tcss'

    def read(self, filename: str | PurePath) -> None:
        """Read Textual CSS file.
    
        Args:
            filename: Filename of CSS.
    
        Raises:
            StylesheetError: If the CSS could not be read.
            StylesheetParseError: If the CSS is invalid.
        """
        filename = os.path.expanduser(filename)
        try:
            with open(filename, "rt", encoding="utf-8") as css_file:
                css = css_file.read()
            path = os.path.abspath(filename)
        except Exception:
>           raise StylesheetError(f"unable to read CSS file {filename!r}") from None
E           textual.css.errors.StylesheetError: unable to read CSS file 'X:\\agent_cli\\agent_cli\\core\\assets\\app.tcss'

C:\Python313\Lib\site-packages\textual\css\stylesheet.py:304: StylesheetError
---------------------------- Captured stderr call -----------------------------
\u256d\u2500\u2500\u2500\u2500\u2500\u2500\u2500\u2500\u2500\u2500\u2500\u2500\u2500\u2500\u2500\u2500\u2500\u2500\u2500\u2500\u2500 Traceback (most recent call last) \u2500\u2500\u2500\u2500\u2500\u2500\u2500\u2500\u2500\u2500\u2500\u2500\u2500\u2500\u2500\u2500\u2500\u2500\u2500\u2500\u2500\u2500\n\u2502 C:\\Python313\\Lib\\site-packages\\textual\\app.py:3319 in app_prelude            \n\u2502                                                                              \n\u2502   3316 \u2502   \u2502   \u2502                                                             \n\u2502   3317 \u2502   \u2502   \u2502   try:                                                      \n\u2502   3318 \u2502   \u2502   \u2502   \u2502   if self.css_path:                                     \n\u2502 \u2771 3319 \u2502   \u2502   \u2502   \u2502   \u2502   self.stylesheet.read_all(self.css_path)           \n\u2502   3320 \u2502   \u2502   \u2502   \u2502   for read_from, css, tie_breaker, scope in self._get_d \n\u2502   3321 \u2502   \u2502   \u2502   \u2502   \u2502   self.stylesheet.add_source(                       \n\u2502   3322 \u2502   \u2502   \u2502   \u2502   \u2502   \u2502   css,                                          \n\u2502                                                                              \n\u2502 \u256d\u2500\u2500\u2500\u2500\u2500\u2500\u2500\u2500\u2500\u2500\u2500\u2500\u2500\u2500\u2500\u2500\u2500\u2500\u2500\u2500\u2500\u2500\u2500\u2500\u2500\u2500\u2500\u2500\u2500\u2500\u2500\u2500\u2500 locals \u2500\u2500\u2500\u2500\u2500\u2500\u2500\u2500\u2500\u2500\u2500\u2500\u2500\u2500\u2500\u2500\u2500\u2500\u2500\u2500\u2500\u2500\u2500\u2500\u2500\u2500\u2500\u2500\u2500\u2500\u2500\u2500\u2500\u256e \n\u2502 \u2502 error = StylesheetError("unable to read CSS file                         \u2502 \n\u2502 \u2502         'X:\\\\\\\\agent_cli\\\\\\\\agent_cli\\\\\\\\core\\\\\\\\assets\\\\\\\\app.tcss'")   \u2502 \n\u2502 \u2502  self = AgentCLIApp(                                                     \u2502 \n\u2502 \u2502         \u2502   title='AgentCLIApp',                                         \u2502 \n\u2502 \u2502         \u2502   classes={'-dark-mode'},                                      \u2502 \n\u2502 \u2502         \u2502   pseudo_classes={'dark', 'focus'}                             \u2502 \n\u2502 \u2502         )                                                                \u2502 \n\u2502 \u2570\u2500\u2500\u2500\u2500\u2500\u2500\u2500\u2500\u2500\u2500\u2500\u2500\u2500\u2500\u2500\u2500\u2500\u2500\u2500\u2500\u2500\u2500\u2500\u2500\u2500\u2500\u2500\u2500\u2500\u2500\u2500\u2500\u2500\u2500\u2500\u2500\u2500\u2500\u2500\u2500\u2500\u2500\u2500\u2500\u2500\u2500\u2500\u2500\u2500\u2500\u2500\u2500\u2500\u2500\u2500\u2500\u2500\u2500\u2500\u2500\u2500\u2500\u2500\u2500\u2500\u2500\u2500\u2500\u2500\u2500\u2500\u2500\u2500\u2500\u256f \n\u2502                                                                              \n\u2502 C:\\Python313\\Lib\\site-packages\\textual\\css\\stylesheet.py:319 in read_all     \n\u2502                                                                              \n\u2502   316 \u2502   \u2502   \u2502   StylesheetParseError: If the CSS is invalid.               \n\u2502   317 \u2502   \u2502   """                                                            \n\u2502   318 \u2502   \u2502   for path in paths:                                             \n\u2502 \u2771 319 \u2502   \u2502   \u2502   self.read(path)                                            \n\u2502   320 \u2502                                                                      \n\u2502   321 \u2502   def has_source(self, path: str, class_var: str = "") -> bool:      \n\u2502   322 \u2502   \u2502   """Check if the stylesheet has this CSS source already.        \n\u2502                                                                              \n\u2502 \u256d\u2500\u2500\u2500\u2500\u2500\u2500\u2500\u2500\u2500\u2500\u2500\u2500\u2500\u2500\u2500\u2500\u2500\u2500\u2500\u2500\u2500\u2500\u2500\u2500\u2500\u2500\u2500\u2500\u2500\u2500\u2500 locals \u2500\u2500\u2500\u2500\u2500\u2500\u2500\u2500\u2500\u2500\u2500\u2500\u2500\u2500\u2500\u2500\u2500\u2500\u2500\u2500\u2500\u2500\u2500\u2500\u2500\u2500\u2500\u2500\u2500\u2500\u2500\u256e     \n\u2502 \u2502  path = WindowsPath('X:/agent_cli/agent_cli/core/assets/app.tcss')   \u2502     \n\u2502 \u2502 paths = [WindowsPath('X:/agent_cli/agent_cli/core/assets/app.tcss')] \u2502     \n\u2502 \u2502  self = <Stylesheet []>                                              \u2502     \n\u2502 \u2570\u2500\u2500\u2500\u2500\u2500\u2500\u2500\u2500\u2500\u2500\u2500\u2500\u2500\u2500\u2500\u2500\u2500\u2500\u2500\u2500\u2500\u2500\u2500\u2500\u2500\u2500\u2500\u2500\u2500\u2500\u2500\u2500\u2500\u2500\u2500\u2500\u2500\u2500\u2500\u2500\u2500\u2500\u2500\u2500\u2500\u2500\u2500\u2500\u2500\u2500\u2500\u2500\u2500\u2500\u2500\u2500\u2500\u2500\u2500\u2500\u2500\u2500\u2500\u2500\u2500\u2500\u2500\u2500\u2500\u2500\u256f     \n\u2502                                                                              \n\u2502 C:\\Python313\\Lib\\site-packages\\textual\\css\\stylesheet.py:304 in read         \n\u2502                                                                              \n\u2502   301 \u2502   \u2502   \u2502   \u2502   css = css_file.read()                                  \n\u2502   302 \u2502   \u2502   \u2502   path = os.path.abspath(filename)                           \n\u2502   303 \u2502   \u2502   except Exception:                                              \n\u2502 \u2771 304 \u2502   \u2502   \u2502   raise StylesheetError(f"unable to read CSS file {filename! \n\u2502   305 \u2502   \u2502   self.source[(str(path), "")] = CssSource(css, False, 0)        \n\u2502   306 \u2502   \u2502   self._require_parse = True                                     \n\u2502   307                                                                        \n\u2502                                                                              \n\u2502 \u256d\u2500\u2500\u2500\u2500\u2500\u2500\u2500\u2500\u2500\u2500\u2500\u2500\u2500\u2500\u2500\u2500\u2500\u2500\u2500\u2500\u2500\u2500\u2500\u2500\u2500\u2500\u2500 locals \u2500\u2500\u2500\u2500\u2500\u2500\u2500\u2500\u2500\u2500\u2500\u2500\u2500\u2500\u2500\u2500\u2500\u2500\u2500\u2500\u2500\u2500\u2500\u2500\u2500\u2500\u2500\u2500\u256e            \n\u2502 \u2502 filename = 'X:\\\\agent_cli\\\\agent_cli\\\\core\\\\assets\\\\app.tcss' \u2502            \n\u2502 \u2502     self = <Stylesheet []>                                    \u2502            \n\u2502 \u2570\u2500\u2500\u2500\u2500\u2500\u2500\u2500\u2500\u2500\u2500\u2500\u2500\u2500\u2500\u2500\u2500\u2500\u2500\u2500\u2500\u2500\u2500\u2500\u2500\u2500\u2500\u2500\u2500\u2500\u2500\u2500\u2500\u2500\u2500\u2500\u2500\u2500\u2500\u2500\u2500\u2500\u2500\u2500\u2500\u2500\u2500\u2500\u2500\u2500\u2500\u2500\u2500\u2500\u2500\u2500\u2500\u2500\u2500\u2500\u2500\u2500\u2500\u2500\u256f            \n\u2570\u2500\u2500\u2500\u2500\u2500\u2500\u2500\u2500\u2500\u2500\u2500\u2500\u2500\u2500\u2500\u2500\u2500\u2500\u2500\u2500\u2500\u2500\u2500\u2500\u2500\u2500\u2500\u2500\u2500\u2500\u2500\u2500\u2500\u2500\u2500\u2500\u2500\u2500\u2500\u2500\u2500\u2500\u2500\u2500\u2500\u2500\u2500\u2500\u2500\u2500\u2500\u2500\u2500\u2500\u2500\u2500\u2500\u2500\u2500\u2500\u2500\u2500\u2500\u2500\u2500\u2500\u2500\u2500\u2500\u2500\u2500\u2500\u2500\u2500\u2500\u2500\u2500\u2500\nStylesheetError: unable to read CSS file \n'X:\\\\agent_cli\\\\agent_cli\\\\core\\\\assets\\\\app.tcss'
------------------------------ Captured log call ------------------------------
INFO     agent_cli.core.infra.registry.registry:registry.py:74 DataRegistry loaded
INFO     agent_cli.observability:logging.py:193 Observability initialized
INFO     agent_cli.core.infra.registry.bootstrap:bootstrap.py:783 Adapter registry built with 6 types: anthropic, azure, google, ollama, openai, openai_compatible
INFO     agent_cli.core.runtime.orchestrator.file_tracker:file_tracker.py:39 File tracking started at workspace: C:\Users\cuong\AppData\Local\Temp\pytest-of-cuong\pytest-283\test_app_mount_binds_interacti0
INFO     agent_cli.core.infra.registry.bootstrap:bootstrap.py:819 Tool registry built with 8 tools: read_file, write_file, list_directory, search_files, str_replace, insert_lines, run_command, ask_user
INFO     agent_cli.core.infra.registry.bootstrap:bootstrap.py:972 Command registry built with 13 commands: agent, config, clear, context, cost, debug, effort, model, generate_title, sessions, exit, help, sandbox
INFO     agent_cli.core.infra.registry.registry_base:registry_base.py:28 Registry 'adapter_types' frozen (6 adapter types: anthropic, azure, google, ollama, openai, openai_compatible).
INFO     agent_cli.core.infra.registry.registry_base:registry_base.py:28 Registry 'tools' frozen (8 tools).
INFO     agent_cli.core.infra.registry.registry_base:registry_base.py:28 Registry 'agents' frozen (4 agents: coder, default, researcher, reviewer).
INFO     agent_cli.core.infra.registry.registry_base:registry_base.py:28 Registry 'commands' frozen (13 commands).
INFO     agent_cli.core.infra.registry.bootstrap:bootstrap.py:670 AppContext created with multi-agent registry (default=default, total=4).
INFO     agent_cli.core.infra.registry.bootstrap:bootstrap.py:675 All registries frozen; bootstrap complete.
____________ test_session_title_event_updates_header_and_app_title ____________

tmp_path = WindowsPath('C:/Users/cuong/AppData/Local/Temp/pytest-of-cuong/pytest-283/test_session_title_event_updat0')

    @pytest.mark.asyncio
    async def test_session_title_event_updates_header_and_app_title(tmp_path):
        app = AgentCLIApp(root_folder=str(tmp_path))
    
>       async with app.run_test() as pilot:
                   ^^^^^^^^^^^^^^

dev\tests\tui\test_app_command_wiring.py:64: 
_ _ _ _ _ _ _ _ _ _ _ _ _ _ _ _ _ _ _ _ _ _ _ _ _ _ _ _ _ _ _ _ _ _ _ _ _ _ _ _
C:\Python313\Lib\contextlib.py:235: in __aexit__
    await self.gen.athrow(value)
C:\Python313\Lib\site-packages\textual\app.py:2145: in run_test
    raise self._exception
C:\Python313\Lib\site-packages\textual\app.py:3319: in app_prelude
    self.stylesheet.read_all(self.css_path)
C:\Python313\Lib\site-packages\textual\css\stylesheet.py:319: in read_all
    self.read(path)
_ _ _ _ _ _ _ _ _ _ _ _ _ _ _ _ _ _ _ _ _ _ _ _ _ _ _ _ _ _ _ _ _ _ _ _ _ _ _ _

self = <Stylesheet []>
filename = 'X:\\agent_cli\\agent_cli\\core\\assets\\app.tcss'

    def read(self, filename: str | PurePath) -> None:
        """Read Textual CSS file.
    
        Args:
            filename: Filename of CSS.
    
        Raises:
            StylesheetError: If the CSS could not be read.
            StylesheetParseError: If the CSS is invalid.
        """
        filename = os.path.expanduser(filename)
        try:
            with open(filename, "rt", encoding="utf-8") as css_file:
                css = css_file.read()
            path = os.path.abspath(filename)
        except Exception:
>           raise StylesheetError(f"unable to read CSS file {filename!r}") from None
E           textual.css.errors.StylesheetError: unable to read CSS file 'X:\\agent_cli\\agent_cli\\core\\assets\\app.tcss'

C:\Python313\Lib\site-packages\textual\css\stylesheet.py:304: StylesheetError
---------------------------- Captured stderr call -----------------------------
\u256d\u2500\u2500\u2500\u2500\u2500\u2500\u2500\u2500\u2500\u2500\u2500\u2500\u2500\u2500\u2500\u2500\u2500\u2500\u2500\u2500\u2500 Traceback (most recent call last) \u2500\u2500\u2500\u2500\u2500\u2500\u2500\u2500\u2500\u2500\u2500\u2500\u2500\u2500\u2500\u2500\u2500\u2500\u2500\u2500\u2500\u2500\n\u2502 C:\\Python313\\Lib\\site-packages\\textual\\app.py:3319 in app_prelude            \n\u2502                                                                              \n\u2502   3316 \u2502   \u2502   \u2502                                                             \n\u2502   3317 \u2502   \u2502   \u2502   try:                                                      \n\u2502   3318 \u2502   \u2502   \u2502   \u2502   if self.css_path:                                     \n\u2502 \u2771 3319 \u2502   \u2502   \u2502   \u2502   \u2502   self.stylesheet.read_all(self.css_path)           \n\u2502   3320 \u2502   \u2502   \u2502   \u2502   for read_from, css, tie_breaker, scope in self._get_d \n\u2502   3321 \u2502   \u2502   \u2502   \u2502   \u2502   self.stylesheet.add_source(                       \n\u2502   3322 \u2502   \u2502   \u2502   \u2502   \u2502   \u2502   css,                                          \n\u2502                                                                              \n\u2502 \u256d\u2500\u2500\u2500\u2500\u2500\u2500\u2500\u2500\u2500\u2500\u2500\u2500\u2500\u2500\u2500\u2500\u2500\u2500\u2500\u2500\u2500\u2500\u2500\u2500\u2500\u2500\u2500\u2500\u2500\u2500\u2500\u2500\u2500 locals \u2500\u2500\u2500\u2500\u2500\u2500\u2500\u2500\u2500\u2500\u2500\u2500\u2500\u2500\u2500\u2500\u2500\u2500\u2500\u2500\u2500\u2500\u2500\u2500\u2500\u2500\u2500\u2500\u2500\u2500\u2500\u2500\u2500\u256e \n\u2502 \u2502 error = StylesheetError("unable to read CSS file                         \u2502 \n\u2502 \u2502         'X:\\\\\\\\agent_cli\\\\\\\\agent_cli\\\\\\\\core\\\\\\\\assets\\\\\\\\app.tcss'")   \u2502 \n\u2502 \u2502  self = AgentCLIApp(                                                     \u2502 \n\u2502 \u2502         \u2502   title='AgentCLIApp',                                         \u2502 \n\u2502 \u2502         \u2502   classes={'-dark-mode'},                                      \u2502 \n\u2502 \u2502         \u2502   pseudo_classes={'dark', 'focus'}                             \u2502 \n\u2502 \u2502         )                                                                \u2502 \n\u2502 \u2570\u2500\u2500\u2500\u2500\u2500\u2500\u2500\u2500\u2500\u2500\u2500\u2500\u2500\u2500\u2500\u2500\u2500\u2500\u2500\u2500\u2500\u2500\u2500\u2500\u2500\u2500\u2500\u2500\u2500\u2500\u2500\u2500\u2500\u2500\u2500\u2500\u2500\u2500\u2500\u2500\u2500\u2500\u2500\u2500\u2500\u2500\u2500\u2500\u2500\u2500\u2500\u2500\u2500\u2500\u2500\u2500\u2500\u2500\u2500\u2500\u2500\u2500\u2500\u2500\u2500\u2500\u2500\u2500\u2500\u2500\u2500\u2500\u2500\u2500\u256f \n\u2502                                                                              \n\u2502 C:\\Python313\\Lib\\site-packages\\textual\\css\\stylesheet.py:319 in read_all     \n\u2502                                                                              \n\u2502   316 \u2502   \u2502   \u2502   StylesheetParseError: If the CSS is invalid.               \n\u2502   317 \u2502   \u2502   """                                                            \n\u2502   318 \u2502   \u2502   for path in paths:                                             \n\u2502 \u2771 319 \u2502   \u2502   \u2502   self.read(path)                                            \n\u2502   320 \u2502                                                                      \n\u2502   321 \u2502   def has_source(self, path: str, class_var: str = "") -> bool:      \n\u2502   322 \u2502   \u2502   """Check if the stylesheet has this CSS source already.        \n\u2502                                                                              \n\u2502 \u256d\u2500\u2500\u2500\u2500\u2500\u2500\u2500\u2500\u2500\u2500\u2500\u2500\u2500\u2500\u2500\u2500\u2500\u2500\u2500\u2500\u2500\u2500\u2500\u2500\u2500\u2500\u2500\u2500\u2500\u2500\u2500 locals \u2500\u2500\u2500\u2500\u2500\u2500\u2500\u2500\u2500\u2500\u2500\u2500\u2500\u2500\u2500\u2500\u2500\u2500\u2500\u2500\u2500\u2500\u2500\u2500\u2500\u2500\u2500\u2500\u2500\u2500\u2500\u256e     \n\u2502 \u2502  path = WindowsPath('X:/agent_cli/agent_cli/core/assets/app.tcss')   \u2502     \n\u2502 \u2502 paths = [WindowsPath('X:/agent_cli/agent_cli/core/assets/app.tcss')] \u2502     \n\u2502 \u2502  self = <Stylesheet []>                                              \u2502     \n\u2502 \u2570\u2500\u2500\u2500\u2500\u2500\u2500\u2500\u2500\u2500\u2500\u2500\u2500\u2500\u2500\u2500\u2500\u2500\u2500\u2500\u2500\u2500\u2500\u2500\u2500\u2500\u2500\u2500\u2500\u2500\u2500\u2500\u2500\u2500\u2500\u2500\u2500\u2500\u2500\u2500\u2500\u2500\u2500\u2500\u2500\u2500\u2500\u2500\u2500\u2500\u2500\u2500\u2500\u2500\u2500\u2500\u2500\u2500\u2500\u2500\u2500\u2500\u2500\u2500\u2500\u2500\u2500\u2500\u2500\u2500\u2500\u256f     \n\u2502                                                                              \n\u2502 C:\\Python313\\Lib\\site-packages\\textual\\css\\stylesheet.py:304 in read         \n\u2502                                                                              \n\u2502   301 \u2502   \u2502   \u2502   \u2502   css = css_file.read()                                  \n\u2502   302 \u2502   \u2502   \u2502   path = os.path.abspath(filename)                           \n\u2502   303 \u2502   \u2502   except Exception:                                              \n\u2502 \u2771 304 \u2502   \u2502   \u2502   raise StylesheetError(f"unable to read CSS file {filename! \n\u2502   305 \u2502   \u2502   self.source[(str(path), "")] = CssSource(css, False, 0)        \n\u2502   306 \u2502   \u2502   self._require_parse = True                                     \n\u2502   307                                                                        \n\u2502                                                                              \n\u2502 \u256d\u2500\u2500\u2500\u2500\u2500\u2500\u2500\u2500\u2500\u2500\u2500\u2500\u2500\u2500\u2500\u2500\u2500\u2500\u2500\u2500\u2500\u2500\u2500\u2500\u2500\u2500\u2500 locals \u2500\u2500\u2500\u2500\u2500\u2500\u2500\u2500\u2500\u2500\u2500\u2500\u2500\u2500\u2500\u2500\u2500\u2500\u2500\u2500\u2500\u2500\u2500\u2500\u2500\u2500\u2500\u2500\u256e            \n\u2502 \u2502 filename = 'X:\\\\agent_cli\\\\agent_cli\\\\core\\\\assets\\\\app.tcss' \u2502            \n\u2502 \u2502     self = <Stylesheet []>                                    \u2502            \n\u2502 \u2570\u2500\u2500\u2500\u2500\u2500\u2500\u2500\u2500\u2500\u2500\u2500\u2500\u2500\u2500\u2500\u2500\u2500\u2500\u2500\u2500\u2500\u2500\u2500\u2500\u2500\u2500\u2500\u2500\u2500\u2500\u2500\u2500\u2500\u2500\u2500\u2500\u2500\u2500\u2500\u2500\u2500\u2500\u2500\u2500\u2500\u2500\u2500\u2500\u2500\u2500\u2500\u2500\u2500\u2500\u2500\u2500\u2500\u2500\u2500\u2500\u2500\u2500\u2500\u256f            \n\u2570\u2500\u2500\u2500\u2500\u2500\u2500\u2500\u2500\u2500\u2500\u2500\u2500\u2500\u2500\u2500\u2500\u2500\u2500\u2500\u2500\u2500\u2500\u2500\u2500\u2500\u2500\u2500\u2500\u2500\u2500\u2500\u2500\u2500\u2500\u2500\u2500\u2500\u2500\u2500\u2500\u2500\u2500\u2500\u2500\u2500\u2500\u2500\u2500\u2500\u2500\u2500\u2500\u2500\u2500\u2500\u2500\u2500\u2500\u2500\u2500\u2500\u2500\u2500\u2500\u2500\u2500\u2500\u2500\u2500\u2500\u2500\u2500\u2500\u2500\u2500\u2500\u2500\u2500\nStylesheetError: unable to read CSS file \n'X:\\\\agent_cli\\\\agent_cli\\\\core\\\\assets\\\\app.tcss'
------------------------------ Captured log call ------------------------------
INFO     agent_cli.core.infra.registry.registry:registry.py:74 DataRegistry loaded
INFO     agent_cli.observability:logging.py:193 Observability initialized
INFO     agent_cli.core.infra.registry.bootstrap:bootstrap.py:783 Adapter registry built with 6 types: anthropic, azure, google, ollama, openai, openai_compatible
INFO     agent_cli.core.runtime.orchestrator.file_tracker:file_tracker.py:39 File tracking started at workspace: C:\Users\cuong\AppData\Local\Temp\pytest-of-cuong\pytest-283\test_session_title_event_updat0
INFO     agent_cli.core.infra.registry.bootstrap:bootstrap.py:819 Tool registry built with 8 tools: read_file, write_file, list_directory, search_files, str_replace, insert_lines, run_command, ask_user
INFO     agent_cli.core.infra.registry.bootstrap:bootstrap.py:972 Command registry built with 13 commands: agent, config, clear, context, cost, debug, effort, model, generate_title, sessions, exit, help, sandbox
INFO     agent_cli.core.infra.registry.registry_base:registry_base.py:28 Registry 'adapter_types' frozen (6 adapter types: anthropic, azure, google, ollama, openai, openai_compatible).
INFO     agent_cli.core.infra.registry.registry_base:registry_base.py:28 Registry 'tools' frozen (8 tools).
INFO     agent_cli.core.infra.registry.registry_base:registry_base.py:28 Registry 'agents' frozen (4 agents: coder, default, researcher, reviewer).
INFO     agent_cli.core.infra.registry.registry_base:registry_base.py:28 Registry 'commands' frozen (13 commands).
INFO     agent_cli.core.infra.registry.bootstrap:bootstrap.py:670 AppContext created with multi-agent registry (default=default, total=4).
INFO     agent_cli.core.infra.registry.bootstrap:bootstrap.py:675 All registries frozen; bootstrap complete.
=========================== short test summary info ===========================
FAILED dev/tests/tui/test_app_command_wiring.py::test_app_mount_binds_interaction_handler_to_tool_executor
FAILED dev/tests/tui/test_app_command_wiring.py::test_session_title_event_updates_header_and_app_title
========================= 2 failed, 2 passed in 9.25s =========================
